
/home/runner/work/exp-ldpc-codes-iiith/exp-ldpc-codes-iiith/experiment/simulation/js/ldpc_codes.js
  116:5   warning  'MathJax' is not defined                       no-undef
  146:2   warning  'spmatrix' is not defined                      no-undef
  146:12  warning  'code' is not defined                          no-undef
  150:33  warning  'spmatrix' is not defined                      no-undef
  154:5   warning  'MathJax' is not defined                       no-undef
  161:59  warning  'spmatrix' is not defined                      no-undef
  163:5   warning  'spmatrix' is not defined                      no-undef
  164:5   warning  'code' is not defined                          no-undef
  174:33  warning  'spmatrix' is not defined                      no-undef
  178:5   warning  'MathJax' is not defined                       no-undef
  184:10  warning  'matrixcheck' is defined but never used        no-unused-vars
  191:17  warning  'code' is not defined                          no-undef
  196:70  warning  'code' is not defined                          no-undef
  200:75  warning  'code' is not defined                          no-undef
  204:75  warning  'code' is not defined                          no-undef
  214:10  warning  'isLDPCcode' is defined but never used         no-unused-vars
  219:19  warning  'code' is not defined                          no-undef
  219:35  warning  'code' is not defined                          no-undef
  223:23  warning  'code' is not defined                          no-undef
  227:24  warning  'code' is not defined                          no-undef
  227:40  warning  'code' is not defined                          no-undef
  236:10  warning  'spmatrix' is not defined                      no-undef
  236:20  warning  'code' is not defined                          no-undef
  244:10  warning  'nextLDPCquestion' is defined but never used   no-unused-vars
  253:10  warning  'prevLDPCquestion' is defined but never used   no-unused-vars
  274:10  warning  'checkRatequestion' is defined but never used  no-unused-vars
  281:15  warning  'spmatrix' is not defined                      no-undef
  282:15  warning  'spmatrix' is not defined                      no-undef
  286:11  warning  'rate' is assigned a value but never used      no-unused-vars

/home/runner/work/exp-ldpc-codes-iiith/exp-ldpc-codes-iiith/experiment/simulation/js/ldpc_codes_tanner.js
   47:13  warning  'd3' is not defined                         no-undef
   97:7   warning  'node' is assigned a value but never used   no-unused-vars
  106:11  warning  'd3' is not defined                         no-undef
  131:29  warning  'd' is defined but never used               no-unused-vars
  133:9   warning  'd3' is not defined                         no-undef
  143:5   warning  'd3' is not defined                         no-undef
  156:20  warning  'event' is defined but never used           no-unused-vars
  156:27  warning  'd' is defined but never used               no-unused-vars
  157:5   warning  'd3' is not defined                         no-undef
  326:10  warning  'submit' is defined but never used          no-unused-vars
  327:5   warning  'tannerGraphQuestion' is not defined        no-undef
  328:5   warning  'tannerQuestionObservation' is not defined  no-undef
  330:5   warning  'correctPrompt' is not defined              no-undef
  331:5   warning  'incorrectPrompt' is not defined            no-undef
  332:5   warning  'wrongAgainPrompt' is not defined           no-undef
  341:9   warning  'tannerQuestionObservation' is not defined  no-undef
  341:47  warning  'correctPrompt' is not defined              no-undef
  342:9   warning  'tannerQuestionObservation' is not defined  no-undef
  344:14  warning  'tannerQuestionObservation' is not defined  no-undef
  344:53  warning  'incorrectPrompt' is not defined            no-undef
  345:9   warning  'tannerQuestionObservation' is not defined  no-undef
  345:47  warning  'wrongAgainPrompt' is not defined           no-undef
  346:9   warning  'tannerQuestionObservation' is not defined  no-undef
  349:9   warning  'tannerQuestionObservation' is not defined  no-undef
  349:47  warning  'incorrectPrompt' is not defined            no-undef
  350:9   warning  'tannerQuestionObservation' is not defined  no-undef
  355:10  warning  'newQuestion' is defined but never used     no-unused-vars

✖ 56 problems (0 errors, 56 warnings)

